[index-2.html]
[backblue.gif]
[fade.gif]
[index.html]
[wp-includes/css/dist/block-library/style.min6e7a.css]
[wp-content/plugins/revslider/public/assets/css/rs6658f.css]
[wp-content/themes/jelyco/fonts/icomoon/A.style.css,qver=1.0.0.pagespeed.cf.sxX01cPVVq.css]
[feed/index.html]
[comments/feed/index.html]
[wp-content/themes/jelyco/css/bootstrap.min8a54.css]
[wp-content/themes/jelyco/css/animations8a54.css]
[wp-content/themes/jelyco-child/style8a54.css]
[wp-content/plugins/unyson/framework/extensions/shortcodes/shortcodes/divider/static/css/styles6e7a.css]
[wp-content/themes/jelyco-child/css/main8a54.css]
[wp-includes/js/jquery/jquery-migrate.min330a.js]
[wp-includes/js/jquery/jquery4a5f.js]
[wp-content/plugins/wp-google-maps/wpgmza_data6e7a.js]
[wp-content/themes/jelyco/js/vendor/modernizr-custom61da.js]
[wp-content/uploads/2019/11/cropped-nuvem-telecom-32x32.png]
[wp-content/uploads/2019/11/cropped-nuvem-telecom-192x192.png]
[wp-content/uploads/2019/11/cropped-nuvem-telecom-180x180.png]
[wp-json/index.html]
[wp-content/plugins/revslider/public/assets/js/revolution.tools.minf049.js]
[xmlrpc0db0.php]
[wp-json/oembed/1.0/embed7b30]
[wp-json/oembed/1.0/embed2ad8.json]
[wp-content/plugins/wp-google-maps/css/font-awesome.min6e7a.css]
[wp-content/plugins/wp-google-maps/css/common6e7a.css]
[wp-content/plugins/wp-google-maps/lib/remodal6e7a.css]
[wp-content/plugins/wp-google-maps/lib/remodal-default-theme6e7a.css]
[wp-content/plugins/wp-google-maps/css/styles/default6e7a.css]
[wp-content/plugins/mwt-addons/mods/static/js/mod-post-likes8a54.js]
[wp-content/themes/jelyco/js/vendor/affix8a54.js]
[wp-content/themes/jelyco/js/vendor/jquery.appear8a54.js]
[wp-content/themes/jelyco/js/vendor/jquery.cookie8a54.js]
[wp-content/themes/jelyco/js/vendor/jquery.easing.1.38a54.js]
[wp-includes/js/hoverIntent.minc245.js]
[wp-content/themes/jelyco/js/vendor/superfish8a54.js]
[wp-content/themes/jelyco/js/vendor/bootstrap-progressbar.min8a54.js]
[wp-content/themes/jelyco/js/vendor/jquery.countTo8a54.js]
[wp-content/themes/jelyco/js/vendor/jquery.easypiechart.min8a54.js]
[wp-content/themes/jelyco/js/vendor/jquery.countdown.min8a54.js]
[wp-content/themes/jelyco/js/vendor/jquery.localScroll.min8a54.js]
[wp-content/themes/jelyco/js/vendor/jquery.scrollbar.min8a54.js]
[wp-content/themes/jelyco/js/vendor/jquery.scrollTo.min8a54.js]
[wp-content/themes/jelyco/js/vendor/jquery.ui.totop8a54.js]
[wp-content/themes/jelyco/js/vendor/jquery.parallax-1.1.38a54.js]
[wp-content/themes/jelyco/js/vendor/bootstrap.bundle8a54.js]
[wp-content/themes/jelyco/js/vendor/jquery.flexslider-min8a54.js]
[wp-content/themes/jelyco/js/vendor/isotope.pkgd.min8a54.js]
[wp-content/themes/jelyco/js/vendor/owl.carousel.min8a54.js]
[wp-content/themes/jelyco/js/vendor/photoswipe-ui-default.min8a54.js]
[wp-includes/js/wp-embed.min6e7a.js]
[wp-content/plugins/wp-google-maps/lib/CanvasLayerOptions6e7a.js]
[wp-content/plugins/wp-google-maps/lib/CanvasLayer6e7a.js]
[wp-content/themes/jelyco/js/main8a54.js]
[wp-content/plugins/wp-google-maps/lib/jquery-cookie6e7a.js]
[wp-content/themes/jelyco/js/vendor/photoswipe8a54.js]
[wp-content/plugins/wp-google-maps/lib/remodal6e7a.js]
[wp-content/plugins/wp-google-maps/lib/text.min6e7a.js]
[wp-content/plugins/wp-google-maps/lib/pako_deflate.min6e7a.js]
[wp-content/plugins/wp-google-maps/js/jquery.dataTables6e7a.js]
[wp-content/plugins/wp-google-maps/lib/spectrum6e7a.js]
[index-2.html]
[wp-includes/css/dist/block-library/style.min6e7a.css]
[wp-content/plugins/wp-google-maps/js/wpgmaps818a.js]
[wp-content/plugins/wp-google-maps/js/v8/wp-google-maps.min466a.js]
[wp-content/plugins/revslider/public/assets/fonts/revicons/revicons90c6.eot]
[wp-content/plugins/revslider/public/assets/assets/gridtile.png]
[wp-content/plugins/revslider/public/assets/assets/gridtile_white.png]
[wp-content/plugins/revslider/public/assets/assets/gridtile_3x3.png]
[wp-content/plugins/revslider/public/assets/assets/gridtile_3x3_white.png]
[wp-content/plugins/revslider/public/assets/assets/coloredbg.png]
[wp-content/plugins/revslider/public/assets/fonts/revicons/revicons90c6.woff]
[wp-content/plugins/revslider/public/assets/assets/loader.gif]
[wp-content/plugins/revslider/public/assets/css/rs6658f.css]
[wp-content/plugins/revslider/public/assets/fonts/revicons/revicons90c6.ttf]
[wp-content/themes/jelyco/css/A.font-awesome.css,qver=1.0.0.pagespeed.cf.T-Exsff3jJ.css]
[wp-content/themes/jelyco/css/A.flaticon.css,qver=1.0.0.pagespeed.cf.eEgvrFv4bh.css]
[wp-content/themes/jelyco/fonts/icomoon/A.style.css,qver=1.0.0.pagespeed.cf.sxX01cPVVq.css]
[wp-content/themes/jelyco/css/bootstrap.min8a54.css]
[wp-content/themes/jelyco/css/animations8a54.css]
[wp-content/themes/jelyco-child/style8a54.css]
[wp-content/plugins/unyson/framework/extensions/shortcodes/shortcodes/divider/static/css/styles6e7a.css]
[wp-content/themes/jelyco/fonts/fontawesome-webfont3e6e.eot]
[wp-content/themes/jelyco/fonts/fontawesome-webfontd41d.eot]
[wp-content/themes/jelyco/fonts/fontawesome-webfont3e6e.woff2]
[wp-content/themes/jelyco/fonts/fontawesome-webfont3e6e.woff]
[wp-content/themes/jelyco/fonts/fontawesome-webfont3e6e.ttf]
[wp-content/themes/jelyco/fonts/flaticon/Flaticon.eot]
[wp-content/themes/jelyco/fonts/flaticon/Flaticond41d.eot]
[wp-content/themes/jelyco/fonts/flaticon/Flaticon.woff]
[wp-content/themes/jelyco/fonts/flaticon/Flaticon.ttf]
[wp-content/themes/jelyco-child/css/main8a54.css]
[wp-content/themes/jelyco/fonts/icomoon/icomoon8200.eot]
[wp-content/themes/jelyco/fonts/icomoon/icomoon8200.ttf]
[wp-content/themes/jelyco/fonts/icomoon/icomoon8200.woff]
[wp-content/plugins/revslider/public/assets/js/rs6.min658f.js]
[wp-includes/wlwmanifest.xml]
[wp-content/uploads/2019/06/sing-in-modal.html]
[wp-content/uploads/2019/11/nuvem-telecom-horizontal-blue-cut.png]
[wp-content/uploads/2019/07/slide01.jpg]
[wp-content/uploads/2019/11/nuvem-icon-bg-gradient-768x183.png]
[wp-content/uploads/2019/11/10.png]
[wp-content/uploads/2019/11/20.png]
[wp-content/uploads/2019/11/50nuvem.png]
[wp-content/uploads/2019/11/contato-bg.jpg]
[wp-content/uploads/2019/11/nuvem-telecom-300x215.png]
[wp-content/plugins/wp-google-maps/css/font-awesome.min6e7a.css]
[wp-content/plugins/wp-google-maps/css/common6e7a.css]
[wp-content/plugins/wp-google-maps/lib/remodal6e7a.css]
[wp-content/plugins/wp-google-maps/lib/remodal-default-theme6e7a.css]
[wp-content/plugins/wp-google-maps/css/styles/default6e7a.css]
[wp-content/plugins/revslider/public/assets/fonts/revicons/revicons90c6.svg]
[wp-content/plugins/revslider/public/assets/css/openhand.html]
[wp-content/plugins/wp-google-maps/fonts/fontawesome-webfont3e6e.eot]
[wp-content/plugins/revslider/public/assets/css/closedhand.html]
[wp-content/plugins/wp-google-maps/fonts/fontawesome-webfontd41d.eot]
[wp-content/plugins/wp-google-maps/fonts/fontawesome-webfont3e6e.woff2]
[wp-content/themes/jelyco/fonts/fontawesome-webfont3e6e.svg]
[wp-content/plugins/wp-google-maps/fonts/fontawesome-webfont3e6e.woff]
[wp-content/plugins/wp-google-maps/fonts/fontawesome-webfont3e6e.ttf]
[wp-content/themes/jelyco/fonts/flaticon/Flaticon.svg]
[wp-content/themes/jelyco/fonts/icomoon/icomoon8200.svg]
[wp-content/themes/jelyco-child/img/owl.video.play.html]
[wp-content/themes/jelyco-child/img/photoswipe/default-skin.html]
[wp-content/themes/jelyco-child/img/photoswipe/default-skin-2.html]
[wp-content/themes/jelyco-child/img/photoswipe/preloader.html]
[wp-content/themes/jelyco-child/img/background-texture-cover.html]
[wp-content/themes/jelyco-child/img/patterns/pattern8.html]
[wp-content/themes/jelyco-child/img/preloader.html]
[wp-content/themes/jelyco-child/img/patterns/pattern1.html]
[wp-content/themes/jelyco-child/img/patterns/pattern2.html]
[wp-content/themes/jelyco-child/img/patterns/pattern3.html]
[wp-content/themes/jelyco-child/img/patterns/pattern4.html]
[wp-content/themes/jelyco-child/img/patterns/pattern5.html]
[wp-content/themes/jelyco-child/img/patterns/pattern6.html]
[wp-content/themes/jelyco-child/img/patterns/pattern7.html]
[wp-content/themes/jelyco-child/img/patterns/pattern9.html]
[wp-content/themes/jelyco-child/img/patterns/pattern10.html]
[wp-content/themes/jelyco-child/img/patterns/pattern11.html]
[wp-content/themes/jelyco-child/img/parallax/map-dark.html]
[wp-content/themes/jelyco-child/img/parallax/map-light.html]
[wp-content/themes/jelyco-child/img/parallax/light-abstract.html]
[wp-content/themes/jelyco-child/img/parallax/light-wood.html]
[wp-content/themes/jelyco-child/images/section_testimonials.html]
[wp-content/themes/jelyco-child/images/404_bg.html]
[wp-content/themes/jelyco-child/images/breadcrumbs_bg.html]
[wp-content/themes/jelyco-child/images/parallax/video_section_background.html]
[wp-content/themes/jelyco-child/images/information-block.html]
[wp-content/themes/jelyco-child/img/mask/image-with-list-left.html]
[wp-content/themes/jelyco-child/img/mask/image-with-list-right.html]
[wp-content/themes/jelyco-child/img/mask/image-with-list-mobile.html]
[wp-content/themes/jelyco-child/images/mailchimp.html]
[wp-content/themes/jelyco-child/images/team-home.html]
[wp-content/themes/jelyco-child/images/donation.html]
[wp-content/themes/jelyco-child/images/donate.html]
[wp-content/themes/jelyco-child/images/countdown-section.html]
[wp-content/themes/jelyco-child/images/contact-form.html]
[wp-content/plugins/wp-google-maps/fonts/fontawesome-webfont3e6e.svg]
