[index-2.html]
[backblue.gif]
[fade.gif]
[index.html]
[wp-includes/css/dist/block-library/style.min.css,qver=5.2.7.pagespeed.ce.N1vWXWD_PI.css]
[wp-content/plugins/revslider/public/assets/css/A.rs6.css,qver=6.1.2.pagespeed.cf.djjsgnj3QR.css]
[wp-content/themes/jelyco/css/A.font-awesome.css,qver=1.0.0.pagespeed.cf.T-Exsff3jJ.css]
[wp-content/themes/jelyco/css/A.flaticon.css,qver=1.0.0.pagespeed.cf.eEgvrFv4bh.css]
[comments/feed/index.html]
[feed/index.html]
[wp-content/themes/jelyco/fonts/icomoon/icomoon8200.eot]
[wp-content/themes/jelyco/fonts/icomoon/icomoon8200.ttf]
[wp-content/themes/jelyco/fonts/icomoon/icomoon8200.woff]
[wp-content/themes/jelyco/css/bootstrap.min.css,qver=1.0.0.pagespeed.ce.5ZqimsSj0Y.css]
[wp-content/themes/jelyco/css/A.animations.css,qver=1.0.0.pagespeed.cf.gGGgqMlfOk.css]
[wp-content/themes/jelyco-child/css/A.main.css,qver=1.0.0.pagespeed.cf.ioiMDxfDnP.css]
[wp-includes/js/jquery/jquery-migrate.min.js,qver=1.4.1.pagespeed.jm.C2obERNcWh.js]
[wp-includes/js/jquery/jquery.js,qver=1.12.4-wp.pagespeed.jm.gp20iU5FlU.js]
[xmlrpc0db0.php]
[wp-content/plugins,_wp-google-maps,_wpgmza_data.js,qver==5.2.7+themes,_jelyco,_js,_vendor,_modernizr-custom.js,qver==2.6.2.pagespeed.jc.d6yH-QD74y.js]
[wp-includes/wlwmanifest.xml]
[wp-json/oembed/1.0/embed2ad8.json]
[wp-json/index.html]
[wp-content/plugins/revslider/public/assets/js/revolution.tools.min.js,qver=6.0.pagespeed.jm.xGFHiH57bM.js]
[wp-json/oembed/1.0/embed7b30]
[wp-content/uploads/2019/11/cropped-nuvem-telecom-32x32.png.pagespeed.ce.kYoOasAJEL.png]
[wp-content/uploads/2019/11/xcropped-nuvem-telecom-192x192.png.pagespeed.ic.QsbtL5SSlu.png]
[wp-content/uploads/2019/11/xcropped-nuvem-telecom-180x180.png.pagespeed.ic.37ou6XFzdk.png]
[wp-content/uploads/2019/11/nuvem-telecom-horizontal-blue-cut.png]
[wp-content/uploads/2019/07/slide01.jpg]
[wp-content/plugins/revslider/public/assets/js/rs6.min658f.js]
[wp-content/uploads/2019/11/nuvem-icon-bg-gradient-768x183.png]
[wp-content/uploads/2019/11/10.png]
[wp-content/uploads/2019/11/20.png]
[wp-content/uploads/2019/11/50nuvem.png]
[wp-content/uploads/2019/11/contato-bg.jpg]
[wp-content/uploads/2019/11/nuvem-telecom-300x215.png]
[wp-content/plugins/wp-google-maps/css/A.font-awesome.min.css,qver=5.2.7.pagespeed.cf.jBrWCt-D4j.css]
[wp-content/plugins/wp-google-maps/css/A.common.css,qver=5.2.7.pagespeed.cf.7fmBZNgWHD.css]
[wp-content/plugins/wp-google-maps/lib/A.remodal-default-theme.css,qver=5.2.7.pagespeed.cf.y_Zm_vJt--.css]
[wp-content/themes/jelyco/js/vendor/bootstrap.bundle.js,qver=1.0.0.pagespeed.jm.aFHSx0H1Cb.js]
[wp-content/themes/jelyco/js/vendor/owl.carousel.min.js,qver=1.0.0.pagespeed.jm.v5TsCuoYug.js]
[////////////////////////////////////////////////////////////////////////////////////////////////////////////////////////////////////////////////////////////////////////////////////////////////////////////////]
[wp-content/themes/jelyco/js/vendor/photoswipe.js,qver=1.0.0.pagespeed.jm.-21xBaygeG.js]
[wp-content/themes/jelyco/js/vendor/photoswipe-ui-default.min.js,qver=1.0.0.pagespeed.jm.gULtNRHI6m.js]
[wp-content/themes/jelyco/js/vendor/jquery.scrollTo.min.js,qver==1.0.0+jquery.ui.totop.js,qver==1.0.0+jquery.parallax-1.1.3.js,qver==1.0.0+isotope.pkgd.min.js,qver==1.0.0+jquery.flexslider-min.js,qver==1.0.0.p]
[wp-content/themes/jelyco/js/main.js,qver=1.0.0.pagespeed.jm.a68dBbtgI8.js]
[////////////////////////////////////////////////////////////////////////////////////////////////////////////////////////////////////////////////////////////////////////////////////////////////////////////////-2]
[wp-content/plugins/wp-google-maps/lib/remodal.js,qver=5.2.7.pagespeed.jm.vYUKJnFXyt.js]
[wp-content/plugins/wp-google-maps/lib/pako_deflate.min.js,qver=5.2.7.pagespeed.jm.dte32uo0K8.js]
[wp-content/plugins/wp-google-maps/lib/spectrum.js,qver==5.2.7+text.min.js,qver==5.2.7.pagespeed.jc.rzCGLXO-ym.js]
[index-2.html]
[wp-includes/css/dist/block-library/style.min.css,qver=5.2.7.pagespeed.ce.N1vWXWD_PI.css]
[wp-content/plugins/revslider/public/assets/fonts/revicons/revicons90c6.eot]
[wp-content/plugins/wp-google-maps/js,_jquery.dataTables.js,qver==5.2.7+lib,_jquery-cookie.js,qver==5.2.7.pagespeed.jc.kG4EVdrZat.js]
[wp-content/plugins/wp-google-maps/js/wpgmaps.js,qver=8.0.8b.pagespeed.jm.JYqKogMtJk.js]
[wp-content/plugins/revslider/public/assets/fonts/revicons/revicons90c6.woff]
[wp-content/plugins/revslider/public/assets/fonts/revicons/revicons90c6.ttf]
[wp-content/plugins/revslider/public/assets/assets/gridtile.png.pagespeed.ce.Vcm6sTX0T1.png]
[wp-content/plugins/revslider/public/assets/assets/coloredbg.png.pagespeed.ce.jEXDzo8QUy.png]
[wp-content/plugins/wp-google-maps/js/v8/wp-google-maps.min466a.js]
[wp-content/plugins/revslider/public/assets/css/A.rs6.css,qver=6.1.2.pagespeed.cf.djjsgnj3QR.css]
[wp-content/themes/jelyco/fonts/fontawesome-webfont3e6e.eot]
[wp-content/themes/jelyco/fonts/fontawesome-webfontd41d.eot]
[wp-content/themes/jelyco/fonts/fontawesome-webfont3e6e.woff2]
[wp-content/themes/jelyco/fonts/fontawesome-webfont3e6e.woff]
[wp-content/themes/jelyco/fonts/fontawesome-webfont3e6e.ttf]
[wp-content/themes/jelyco/css/A.font-awesome.css,qver=1.0.0.pagespeed.cf.T-Exsff3jJ.css]
[wp-content/themes/jelyco/fonts/flaticon/Flaticon.eot]
[wp-content/themes/jelyco/fonts/flaticon/Flaticon.woff]
[wp-content/themes/jelyco/fonts/flaticon/Flaticon.ttf]
[wp-content/themes/jelyco/fonts/flaticon/Flaticond41d.eot]
[wp-content/themes/jelyco/css/A.flaticon.css,qver=1.0.0.pagespeed.cf.eEgvrFv4bh.css]
[wp-content/themes/jelyco/fonts/icomoon/icomoon8200.svg]
[wp-content/themes/jelyco/css/bootstrap.min.css,qver=1.0.0.pagespeed.ce.5ZqimsSj0Y.css]
[wp-content/themes/jelyco/css/A.animations.css,qver=1.0.0.pagespeed.cf.gGGgqMlfOk.css]
[wp-content/themes/jelyco-child/css/A.main.css,qver=1.0.0.pagespeed.cf.ioiMDxfDnP.css]
[wp-content/uploads/2019/06/sing-in-modal.html]
[wp-content/plugins/wp-google-maps/fonts/fontawesome-webfont3e6e.eot]
[wp-content/plugins/wp-google-maps/fonts/fontawesome-webfontd41d.eot]
[wp-content/plugins/wp-google-maps/fonts/fontawesome-webfont3e6e.woff2]
[wp-content/plugins/wp-google-maps/fonts/fontawesome-webfont3e6e.woff]
[wp-content/plugins/wp-google-maps/fonts/fontawesome-webfont3e6e.ttf]
[wp-content/plugins/wp-google-maps/css/A.font-awesome.min.css,qver=5.2.7.pagespeed.cf.jBrWCt-D4j.css]
[wp-content/plugins/wp-google-maps/css/A.common.css,qver=5.2.7.pagespeed.cf.7fmBZNgWHD.css]
[wp-content/plugins/wp-google-maps/lib/A.remodal-default-theme.css,qver=5.2.7.pagespeed.cf.y_Zm_vJt--.css]
[wp-content/plugins/revslider/public/assets/fonts/revicons/revicons90c6.svg]
[wp-content/plugins/revslider/public/assets/css/openhand.html]
[wp-content/plugins/revslider/public/assets/css/closedhand.html]
[wp-content/themes/jelyco/fonts/fontawesome-webfont3e6e.svg]
[wp-content/themes/jelyco/fonts/flaticon/Flaticon.svg]
[wp-content/themes/jelyco-child/img/owl.video.play.html]
[wp-content/themes/jelyco-child/img/photoswipe/default-skin.html]
[wp-content/themes/jelyco-child/img/photoswipe/default-skin-2.html]
[wp-content/themes/jelyco-child/img/photoswipe/preloader.html]
[wp-content/themes/jelyco-child/img/background-texture-cover.html]
[wp-content/themes/jelyco-child/img/patterns/pattern8.html]
[wp-content/themes/jelyco-child/img/preloader.html]
[wp-content/themes/jelyco-child/img/patterns/pattern1.html]
[wp-content/themes/jelyco-child/img/patterns/pattern2.html]
[wp-content/themes/jelyco-child/img/patterns/pattern3.html]
[wp-content/themes/jelyco-child/img/patterns/pattern4.html]
[wp-content/themes/jelyco-child/img/patterns/pattern5.html]
[wp-content/themes/jelyco-child/img/patterns/pattern6.html]
[wp-content/themes/jelyco-child/img/patterns/pattern7.html]
[wp-content/themes/jelyco-child/img/patterns/pattern9.html]
[wp-content/themes/jelyco-child/img/patterns/pattern10.html]
[wp-content/themes/jelyco-child/img/patterns/pattern11.html]
[wp-content/themes/jelyco-child/img/parallax/map-dark.html]
[wp-content/themes/jelyco-child/img/parallax/map-light.html]
[wp-content/themes/jelyco-child/img/parallax/light-abstract.html]
[wp-content/themes/jelyco-child/img/parallax/light-wood.html]
[wp-content/themes/jelyco-child/images/section_testimonials.html]
[wp-content/themes/jelyco-child/images/404_bg.html]
[wp-content/themes/jelyco-child/images/breadcrumbs_bg.html]
[wp-content/themes/jelyco-child/images/parallax/video_section_background.html]
[wp-content/themes/jelyco-child/images/information-block.html]
[wp-content/themes/jelyco-child/img/mask/image-with-list-left.html]
[wp-content/themes/jelyco-child/img/mask/image-with-list-right.html]
[wp-content/themes/jelyco-child/img/mask/image-with-list-mobile.html]
[wp-content/themes/jelyco-child/images/mailchimp.html]
[wp-content/themes/jelyco-child/images/team-home.html]
[wp-content/themes/jelyco-child/images/donation.html]
[wp-content/themes/jelyco-child/images/donate.html]
[wp-content/themes/jelyco-child/images/countdown-section.html]
[wp-content/themes/jelyco-child/images/contact-form.html]
[wp-content/plugins/wp-google-maps/fonts/fontawesome-webfont3e6e.svg]
